▲ Next.js 16.1.6 (Turbopack)
- Environments: .env

  Creating an optimized production build ...
✓ Compiled successfully in 7.5s
  Running TypeScript ...
  Collecting page data using 7 workers ...
  Generating static pages using 7 workers (0/10) ...
  Generating static pages using 7 workers (2/10) 
  Generating static pages using 7 workers (4/10) 
  Generating static pages using 7 workers (7/10) 
✓ Generating static pages using 7 workers (10/10) in 6.8s
  Finalizing page optimization ...

Route (app)
┌ ○ /
├ ○ /_not-found
├ ○ /admin
├ ○ /admin/bookings
├ ○ /admin/scheduler
├ ○ /admin/services
├ ○ /admin/settings
├ ƒ /api/webhook/bonum
├ ƒ /book/[serviceId]
├ ƒ /book/payment/[bookingId]
├ ƒ /book/success/[bookingId]
├ ƒ /sign-in/[[...sign-in]]
└ ƒ /sign-up/[[...sign-up]]


ƒ Proxy (Middleware)

○  (Static)   prerendered as static content
ƒ  (Dynamic)  server-rendered on demand

